Appium server started on port 4723
